Release 14.7 - xst P.20131013 (nt64)
Copyright (c) 1995-2013 Xilinx, Inc.  All rights reserved.
--> Parameter TMPDIR set to xst/projnav.tmp


Total REAL time to Xst completion: 0.00 secs
Total CPU time to Xst completion: 0.10 secs
 
--> Parameter xsthdpdir set to xst


Total REAL time to Xst completion: 0.00 secs
Total CPU time to Xst completion: 0.11 secs
 
--> Reading design: CPU.prj

TABLE OF CONTENTS
  1) Synthesis Options Summary
  2) HDL Parsing
  3) HDL Elaboration
  4) HDL Synthesis
       4.1) HDL Synthesis Report
  5) Advanced HDL Synthesis
       5.1) Advanced HDL Synthesis Report
  6) Low Level Synthesis
  7) Partition Report
  8) Design Summary
       8.1) Primitive and Black Box Usage
       8.2) Device utilization summary
       8.3) Partition Resource Summary
       8.4) Timing Report
            8.4.1) Clock Information
            8.4.2) Asynchronous Control Signals Information
            8.4.3) Timing Summary
            8.4.4) Timing Details
            8.4.5) Cross Clock Domains Report


=========================================================================
*                      Synthesis Options Summary                        *
=========================================================================
---- Source Parameters
Input File Name                    : "CPU.prj"
Ignore Synthesis Constraint File   : NO

---- Target Parameters
Output File Name                   : "CPU"
Output Format                      : NGC
Target Device                      : xc6slx9-2-tqg144

---- Source Options
Top Module Name                    : CPU
Automatic FSM Extraction           : YES
FSM Encoding Algorithm             : Auto
Safe Implementation                : No
FSM Style                          : LUT
RAM Extraction                     : Yes
RAM Style                          : Auto
ROM Extraction                     : Yes
Shift Register Extraction          : YES
ROM Style                          : Auto
Resource Sharing                   : YES
Asynchronous To Synchronous        : NO
Shift Register Minimum Size        : 2
Use DSP Block                      : Auto
Automatic Register Balancing       : No

---- Target Options
LUT Combining                      : Auto
Reduce Control Sets                : Auto
Add IO Buffers                     : YES
Global Maximum Fanout              : 100000
Add Generic Clock Buffer(BUFG)     : 16
Register Duplication               : YES
Optimize Instantiated Primitives   : NO
Use Clock Enable                   : Auto
Use Synchronous Set                : Auto
Use Synchronous Reset              : Auto
Pack IO Registers into IOBs        : Auto
Equivalent register Removal        : YES

---- General Options
Optimization Goal                  : Speed
Optimization Effort                : 1
Power Reduction                    : NO
Keep Hierarchy                     : No
Netlist Hierarchy                  : As_Optimized
RTL Output                         : Yes
Global Optimization                : AllClockNets
Read Cores                         : YES
Write Timing Constraints           : NO
Cross Clock Analysis               : NO
Hierarchy Separator                : /
Bus Delimiter                      : <>
Case Specifier                     : Maintain
Slice Utilization Ratio            : 100
BRAM Utilization Ratio             : 100
DSP48 Utilization Ratio            : 100
Auto BRAM Packing                  : NO
Slice Utilization Ratio Delta      : 5

=========================================================================


=========================================================================
*                          HDL Parsing                                  *
=========================================================================
Parsing VHDL file "C:\Users\japem\Documents\VHDL\MicroArchitecture\OutputSelect.vhd" into library work
Parsing entity <OutputSelect>.
Parsing architecture <Behavioral> of entity <outputselect>.
Parsing VHDL file "C:\Users\japem\Documents\VHDL\MicroArchitecture\InputSelect.vhd" into library work
Parsing entity <InputSelect>.
Parsing architecture <Behavioral> of entity <inputselect>.
Parsing VHDL file "C:\Users\japem\Documents\VHDL\MicroArchitecture\Adder.vhd" into library work
Parsing entity <Adder>.
Parsing architecture <Behavioral> of entity <adder>.
Parsing VHDL file "C:\Users\japem\Documents\VHDL\MicroArchitecture\FourBitALU.vhd" into library work
Parsing entity <EightBitALU>.
Parsing architecture <Behavioral> of entity <eightbitalu>.
Parsing VHDL file "C:\Users\japem\Documents\VHDL\MicroArchitecture\ALUController.vhd" into library work
Parsing entity <ALUController>.
Parsing architecture <Behavioral> of entity <alucontroller>.
Parsing VHDL file "C:\Users\japem\Documents\VHDL\MicroArchitecture\CPU.vhd" into library work
Parsing entity <CPU>.
Parsing architecture <Behavioral> of entity <cpu>.

=========================================================================
*                            HDL Elaboration                            *
=========================================================================

Elaborating entity <CPU> (architecture <Behavioral>) from library <work>.
WARNING:HDLCompiler:871 - "C:\Users\japem\Documents\VHDL\MicroArchitecture\CPU.vhd" Line 64: Using initial value "00001010" for a since it is never assigned
WARNING:HDLCompiler:871 - "C:\Users\japem\Documents\VHDL\MicroArchitecture\CPU.vhd" Line 65: Using initial value "00000011" for b since it is never assigned
WARNING:HDLCompiler:871 - "C:\Users\japem\Documents\VHDL\MicroArchitecture\CPU.vhd" Line 67: Using initial value "00000101" for cmd since it is never assigned

Elaborating entity <ALUController> (architecture <Behavioral>) from library <work>.

Elaborating entity <EightBitALU> (architecture <Behavioral>) from library <work>.

Elaborating entity <InputSelect> (architecture <Behavioral>) from library <work>.

Elaborating entity <Adder> (architecture <Behavioral>) from library <work>.
WARNING:HDLCompiler:634 - "C:\Users\japem\Documents\VHDL\MicroArchitecture\Adder.vhd" Line 45: Net <tempA[8]> does not have a driver.
WARNING:HDLCompiler:634 - "C:\Users\japem\Documents\VHDL\MicroArchitecture\Adder.vhd" Line 46: Net <tempB[8]> does not have a driver.
WARNING:HDLCompiler:634 - "C:\Users\japem\Documents\VHDL\MicroArchitecture\Adder.vhd" Line 47: Net <tempINC[8]> does not have a driver.

Elaborating entity <OutputSelect> (architecture <Behavioral>) from library <work>.

=========================================================================
*                           HDL Synthesis                               *
=========================================================================

Synthesizing Unit <CPU>.
    Related source file is "C:\Users\japem\Documents\VHDL\MicroArchitecture\CPU.vhd".
WARNING:Xst:647 - Input <CLK> is never used. This port will be preserved and left unconnected if it belongs to a top-level block or it belongs to a sub-block and the hierarchy of this sub-block is preserved.
INFO:Xst:3210 - "C:\Users\japem\Documents\VHDL\MicroArchitecture\CPU.vhd" line 82: Output port <CARRY> of the instance <ALU> is unconnected or connected to loadless signal.
    Summary:
	no macro.
Unit <CPU> synthesized.

Synthesizing Unit <ALUController>.
    Related source file is "C:\Users\japem\Documents\VHDL\MicroArchitecture\ALUController.vhd".
    Summary:
	no macro.
Unit <ALUController> synthesized.

Synthesizing Unit <EightBitALU>.
    Related source file is "C:\Users\japem\Documents\VHDL\MicroArchitecture\FourBitALU.vhd".
    Summary:
	no macro.
Unit <EightBitALU> synthesized.

Synthesizing Unit <InputSelect>.
    Related source file is "C:\Users\japem\Documents\VHDL\MicroArchitecture\InputSelect.vhd".
    Found 4x8-bit Read Only RAM for signal <QA>
    Summary:
	inferred   1 RAM(s).
Unit <InputSelect> synthesized.

Synthesizing Unit <Adder>.
    Related source file is "C:\Users\japem\Documents\VHDL\MicroArchitecture\Adder.vhd".
WARNING:Xst:2935 - Signal 'tempA<8>', unconnected in block 'Adder', is tied to its initial value (0).
WARNING:Xst:2935 - Signal 'tempB<8>', unconnected in block 'Adder', is tied to its initial value (0).
WARNING:Xst:2935 - Signal 'tempINC<8:1>', unconnected in block 'Adder', is tied to its initial value (00000000).
    Found 9-bit adder for signal <n0020> created at line 55.
    Found 9-bit adder for signal <tempSUM> created at line 55.
    Summary:
	inferred   2 Adder/Subtractor(s).
Unit <Adder> synthesized.

Synthesizing Unit <OutputSelect>.
    Related source file is "C:\Users\japem\Documents\VHDL\MicroArchitecture\OutputSelect.vhd".
    Found 8-bit 4-to-1 multiplexer for signal <OUTPUT> created at line 46.
    Summary:
	inferred   1 Multiplexer(s).
Unit <OutputSelect> synthesized.

=========================================================================
HDL Synthesis Report

Macro Statistics
# RAMs                                                 : 1
 4x8-bit single-port Read Only RAM                     : 1
# Adders/Subtractors                                   : 2
 9-bit adder                                           : 2
# Multiplexers                                         : 1
 8-bit 4-to-1 multiplexer                              : 1

=========================================================================

=========================================================================
*                       Advanced HDL Synthesis                          *
=========================================================================


Synthesizing (advanced) Unit <InputSelect>.
INFO:Xst:3218 - HDL ADVISOR - The RAM <Mram_QA> will be implemented on LUTs either because you have described an asynchronous read or because of currently unsupported block RAM features. If you have described an asynchronous read, making it synchronous would allow you to take advantage of available block RAM resources, for optimized device usage and improved timings. Please refer to your documentation for coding guidelines.
    -----------------------------------------------------------------------
    | ram_type           | Distributed                         |          |
    -----------------------------------------------------------------------
    | Port A                                                              |
    |     aspect ratio   | 4-word x 8-bit                      |          |
    |     weA            | connected to signal <GND>           | high     |
    |     addrA          | connected to signal <(INVA,ENA)>    |          |
    |     diA            | connected to signal <GND>           |          |
    |     doA            | connected to signal <QA>            |          |
    -----------------------------------------------------------------------
Unit <InputSelect> synthesized (advanced).

=========================================================================
Advanced HDL Synthesis Report

Macro Statistics
# RAMs                                                 : 1
 4x8-bit single-port distributed Read Only RAM         : 1
# Adders/Subtractors                                   : 1
 9-bit adder carry in                                  : 1
# Multiplexers                                         : 1
 8-bit 4-to-1 multiplexer                              : 1

=========================================================================

=========================================================================
*                         Low Level Synthesis                           *
=========================================================================

Optimizing unit <CPU> ...

Mapping all equations...
Building and optimizing final netlist ...
Found area constraint ratio of 100 (+ 5) on block CPU, actual ratio is 0.

Final Macro Processing ...

=========================================================================
Final Register Report

Found no macro
=========================================================================

=========================================================================
*                           Partition Report                            *
=========================================================================

Partition Implementation Status
-------------------------------

  No Partitions were found in this design.

-------------------------------

=========================================================================
*                            Design Summary                             *
=========================================================================

Top Level Output File Name         : CPU.ngc

Primitive and Black Box Usage:
------------------------------
# BELS                             : 2
#      GND                         : 1
#      VCC                         : 1
# IO Buffers                       : 8
#      OBUF                        : 8

Device utilization summary:
---------------------------

Selected Device : 6slx9tqg144-2 


Slice Logic Utilization: 

Slice Logic Distribution: 
 Number of LUT Flip Flop pairs used:      0
   Number with an unused Flip Flop:       0  out of      0         
   Number with an unused LUT:             0  out of      0         
   Number of fully used LUT-FF pairs:     0  out of      0         
   Number of unique control sets:         0

IO Utilization: 
 Number of IOs:                           9
 Number of bonded IOBs:                   8  out of    102     7%  

Specific Feature Utilization:

---------------------------
Partition Resource Summary:
---------------------------

  No Partitions were found in this design.

---------------------------


=========================================================================
Timing Report

NOTE: THESE TIMING NUMBERS ARE ONLY A SYNTHESIS ESTIMATE.
      FOR ACCURATE TIMING INFORMATION PLEASE REFER TO THE TRACE REPORT
      GENERATED AFTER PLACE-and-ROUTE.

Clock Information:
------------------
No clock signals found in this design

Asynchronous Control Signals Information:
----------------------------------------
No asynchronous control signals found in this design

Timing Summary:
---------------
Speed Grade: -2

   Minimum period: No path found
   Minimum input arrival time before clock: No path found
   Maximum output required time after clock: No path found
   Maximum combinational path delay: No path found

Timing Details:
---------------
All values displayed in nanoseconds (ns)

=========================================================================

Cross Clock Domains Report:
--------------------------

=========================================================================


Total REAL time to Xst completion: 4.00 secs
Total CPU time to Xst completion: 3.72 secs
 
--> 

Total memory usage is 4511352 kilobytes

Number of errors   :    0 (   0 filtered)
Number of warnings :   10 (   0 filtered)
Number of infos    :    2 (   0 filtered)

